[2026-10-06 13:25:11,857] runnervm8df0l/INFO/locust.main: Starting Locust 2.46.7
[2026-10-06 13:25:11,858] runnervm8df0l/INFO/locust.main: Run time limit set to 60 seconds
[2026-10-06 13:25:11,859] runnervm8df0l/INFO/locust.runners: Ramping to 20 users at a rate of 5.00 per second
[2026-10-06 13:25:14,862] runnervm8df0l/INFO/locust.runners: All users spawned: {"PaymentsUser": 20} (20 total users)
[2026-10-06 13:26:10,829] runnervm8df0l/INFO/locust.main: --run-time limit reached, shutting down
[2026-10-06 13:26:10,927] runnervm8df0l/INFO/locust.main: Shutting down (exit code 0)
Type     Name                                                                          # reqs      # fails |    Avg     Min     Max    Med |   req/s  failures/s
--------|----------------------------------------------------------------------------|-------|-------------|-------|-------|-------|-------|--------|-----------
GET      GET payment                                                                    13994     0(0.00%) |     39       6     221     38 |  237.12        0.00
POST     POST create (setup)                                                               20     0(0.00%) |     65      27     133     48 |    0.34        0.00
POST     POST idempotent replay                                                         13994     0(0.00%) |     42       9     229     43 |  237.12        0.00
--------|----------------------------------------------------------------------------|-------|-------------|-------|-------|-------|-------|--------|-----------
         Aggregated                                                                     28008     0(0.00%) |     41       6     229     40 |  474.58        0.00

Response time percentiles (approximated)
Type     Name                                                                                  50%    66%    75%    80%    90%    95%    98%    99%  99.9% 99.99%   100% # reqs
--------|--------------------------------------------------------------------------------|--------|------|------|------|------|------|------|------|------|------|------|------
GET      GET payment                                                                            38     41     46     59     67     87    110    120    170    200    220  13994
POST     POST create (setup)                                                                    48     79    120    130    130    130    130    130    130    130    130     20
POST     POST idempotent replay                                                                 43     46     50     56     71     91    110    120    180    230    230  13994
--------|--------------------------------------------------------------------------------|--------|------|------|------|------|------|------|------|------|------|------|------
         Aggregated                                                                             40     44     48     57     70     88    110    120    170    220    230  28008

Traceback (most recent call last):
  File "src/gevent/greenlet.py", line 912, in gevent._gevent_cgreenlet.Greenlet.run
  File "/home/runner/work/test-task/test-task/.venv/lib/python3.14/site-packages/locust/stats.py", line 1170, in stats_writer
    self.requests_csv_filehandle.seek(requests_csv_data_start)
    ~~~~~~~~~~~~~~~~~~~~~~~~~~~~~~~~~^^^^^^^^^^^^^^^^^^^^^^^^^
ValueError: I/O operation on closed file.
2026-10-06T13:26:10Z <Greenlet at 0x7f5bba30e480: <bound method StatsCSVFileWriter.stats_writer of <locust.stats.StatsCSVFileWriter object at 0x7f5bba2d46e0>>> failed with ValueError

[2026-10-06 13:26:10,929] runnervm8df0l/CRITICAL/locust.main: Unhandled exception in greenlet: <Greenlet at 0x7f5bba30e480: <bound method StatsCSVFileWriter.stats_writer of <locust.stats.StatsCSVFileWriter object at 0x7f5bba2d46e0>>>
Traceback (most recent call last):
  File "src/gevent/greenlet.py", line 912, in gevent._gevent_cgreenlet.Greenlet.run
  File "/home/runner/work/test-task/test-task/.venv/lib/python3.14/site-packages/locust/stats.py", line 1170, in stats_writer
    self.requests_csv_filehandle.seek(requests_csv_data_start)
    ^^^^^^^
ValueError: I/O operation on closed file.
